mode: set
github.com/klass-lk/ginboot/cache_middleware.go:25.52,28.2 2 1
github.com/klass-lk/ginboot/cache_middleware.go:30.58,33.2 2 0
github.com/klass-lk/ginboot/cache_middleware.go:36.49,40.2 3 1
github.com/klass-lk/ginboot/cache_middleware.go:43.131,44.19 1 1
github.com/klass-lk/ginboot/cache_middleware.go:44.19,46.3 1 1
github.com/klass-lk/ginboot/cache_middleware.go:48.2,48.30 1 1
github.com/klass-lk/ginboot/cache_middleware.go:48.30,50.41 1 1
github.com/klass-lk/ginboot/cache_middleware.go:50.41,53.4 2 0
github.com/klass-lk/ginboot/cache_middleware.go:55.3,59.38 3 1
github.com/klass-lk/ginboot/cache_middleware.go:59.38,65.4 4 1
github.com/klass-lk/ginboot/cache_middleware.go:68.3,78.41 5 1
github.com/klass-lk/ginboot/cache_middleware.go:78.41,80.21 2 1
github.com/klass-lk/ginboot/cache_middleware.go:80.21,82.5 1 1
github.com/klass-lk/ginboot/cache_middleware.go:89.4,89.83 1 1
github.com/klass-lk/ginboot/cache_types.go:22.43,24.2 1 0
github.com/klass-lk/ginboot/cache_types.go:41.41,43.2 1 0
github.com/klass-lk/ginboot/cache_types.go:52.39,54.2 1 0
github.com/klass-lk/ginboot/context.go:27.82,33.2 1 1
github.com/klass-lk/ginboot/context.go:35.48,37.2 1 1
github.com/klass-lk/ginboot/context.go:40.35,41.21 1 1
github.com/klass-lk/ginboot/context.go:41.21,43.3 1 1
github.com/klass-lk/ginboot/context.go:45.2,45.60 1 1
github.com/klass-lk/ginboot/context.go:49.57,51.13 2 1
github.com/klass-lk/ginboot/context.go:51.13,54.3 2 1
github.com/klass-lk/ginboot/context.go:55.2,56.13 2 1
github.com/klass-lk/ginboot/context.go:56.13,59.3 2 1
github.com/klass-lk/ginboot/context.go:60.2,63.8 1 1
github.com/klass-lk/ginboot/context.go:66.57,67.46 1 1
github.com/klass-lk/ginboot/context.go:67.46,73.3 2 1
github.com/klass-lk/ginboot/context.go:74.2,74.12 1 1
github.com/klass-lk/ginboot/context.go:77.48,82.16 5 1
github.com/klass-lk/ginboot/context.go:82.16,84.3 1 1
github.com/klass-lk/ginboot/context.go:85.2,86.16 2 1
github.com/klass-lk/ginboot/context.go:86.16,88.3 1 1
github.com/klass-lk/ginboot/context.go:89.2,91.24 3 1
github.com/klass-lk/ginboot/context.go:91.24,93.29 2 1
github.com/klass-lk/ginboot/context.go:93.29,95.4 1 1
github.com/klass-lk/ginboot/context.go:96.3,99.4 1 1
github.com/klass-lk/ginboot/context.go:100.8,105.3 1 1
github.com/klass-lk/ginboot/context.go:107.2,107.66 1 1
github.com/klass-lk/ginboot/context.go:111.37,113.2 1 1
github.com/klass-lk/ginboot/context.go:116.42,117.16 1 1
github.com/klass-lk/ginboot/context.go:117.16,119.3 1 1
github.com/klass-lk/ginboot/context.go:120.2,122.42 3 1
github.com/klass-lk/ginboot/context.go:125.40,128.32 3 1
github.com/klass-lk/ginboot/context.go:128.32,130.102 2 1
github.com/klass-lk/ginboot/context.go:130.102,132.4 1 1
github.com/klass-lk/ginboot/context.go:133.3,137.9 2 1
github.com/klass-lk/ginboot/context.go:140.2,143.4 1 1
github.com/klass-lk/ginboot/crypt.go:8.24,10.2 1 0
github.com/klass-lk/ginboot/crypt.go:12.63,14.16 2 0
github.com/klass-lk/ginboot/crypt.go:14.16,16.3 1 0
github.com/klass-lk/ginboot/crypt.go:17.2,17.26 1 0
github.com/klass-lk/ginboot/crypt.go:20.53,23.2 2 0
github.com/klass-lk/ginboot/error_lib.go:17.53,22.2 1 1
github.com/klass-lk/ginboot/error_lib.go:24.52,26.31 2 1
github.com/klass-lk/ginboot/error_lib.go:26.31,28.3 1 1
github.com/klass-lk/ginboot/error_lib.go:30.2,34.3 2 1
github.com/klass-lk/ginboot/error_lib.go:37.34,39.2 1 1
github.com/klass-lk/ginboot/error_lib.go:46.43,48.32 2 1
github.com/klass-lk/ginboot/error_lib.go:48.32,50.102 2 1
github.com/klass-lk/ginboot/error_lib.go:50.102,52.4 1 1
github.com/klass-lk/ginboot/error_lib.go:53.3,57.9 2 1
github.com/klass-lk/ginboot/error_lib.go:60.2,63.4 1 1
github.com/klass-lk/ginboot/jwt.go:17.73,20.16 3 0
github.com/klass-lk/ginboot/jwt.go:20.16,22.3 1 0
github.com/klass-lk/ginboot/jwt.go:24.2,26.16 3 0
github.com/klass-lk/ginboot/jwt.go:26.16,28.3 1 0
github.com/klass-lk/ginboot/jwt.go:29.2,29.39 1 0
github.com/klass-lk/ginboot/jwt.go:32.109,47.2 5 0
github.com/klass-lk/ginboot/jwt.go:49.63,52.2 2 0
github.com/klass-lk/ginboot/jwt.go:53.64,56.2 2 0
github.com/klass-lk/ginboot/jwt.go:58.78,59.83 1 0
github.com/klass-lk/ginboot/jwt.go:59.83,60.58 1 0
github.com/klass-lk/ginboot/jwt.go:60.58,62.4 1 0
github.com/klass-lk/ginboot/jwt.go:63.3,63.32 1 0
github.com/klass-lk/ginboot/jwt.go:65.2,65.19 1 0
github.com/klass-lk/ginboot/jwt.go:68.61,70.9 2 0
github.com/klass-lk/ginboot/jwt.go:70.9,72.3 1 0
github.com/klass-lk/ginboot/jwt.go:73.2,73.20 1 0
github.com/klass-lk/ginboot/jwt.go:76.43,78.2 1 0
github.com/klass-lk/ginboot/jwt.go:80.49,82.2 1 0
github.com/klass-lk/ginboot/jwt.go:84.47,86.2 1 0
github.com/klass-lk/ginboot/logger.go:35.48,36.19 1 1
github.com/klass-lk/ginboot/logger.go:36.19,38.3 1 1
github.com/klass-lk/ginboot/logger.go:39.2,42.3 1 1
github.com/klass-lk/ginboot/logger.go:45.63,46.16 1 1
github.com/klass-lk/ginboot/logger.go:46.16,48.3 1 0
github.com/klass-lk/ginboot/logger.go:49.2,50.34 2 1
github.com/klass-lk/ginboot/logger.go:50.34,55.37 4 0
github.com/klass-lk/ginboot/logger.go:55.37,56.76 1 0
github.com/klass-lk/ginboot/logger.go:56.76,58.10 2 0
github.com/klass-lk/ginboot/logger.go:61.3,61.16 1 0
github.com/klass-lk/ginboot/logger.go:61.16,66.4 4 0
github.com/klass-lk/ginboot/logger.go:68.2,68.13 1 1
github.com/klass-lk/ginboot/logger.go:71.64,72.49 1 1
github.com/klass-lk/ginboot/logger.go:72.49,75.3 2 0
github.com/klass-lk/ginboot/logger.go:76.2,76.18 1 1
github.com/klass-lk/ginboot/logger.go:79.53,82.2 2 1
github.com/klass-lk/ginboot/logger.go:84.54,87.2 2 0
github.com/klass-lk/ginboot/logger.go:89.53,92.2 2 0
github.com/klass-lk/ginboot/logger.go:94.54,97.2 2 1
github.com/klass-lk/ginboot/logger.go:99.57,102.2 2 0
github.com/klass-lk/ginboot/logger.go:104.58,107.2 2 0
github.com/klass-lk/ginboot/logger.go:109.57,112.2 2 0
github.com/klass-lk/ginboot/logger.go:114.58,117.2 2 0
github.com/klass-lk/ginboot/logger.go:119.63,124.2 1 1
github.com/klass-lk/ginboot/openapi.go:68.74,69.36 1 1
github.com/klass-lk/ginboot/openapi.go:69.36,71.3 1 1
github.com/klass-lk/ginboot/openapi.go:73.2,84.122 4 1
github.com/klass-lk/ginboot/openapi.go:84.122,86.3 1 1
github.com/klass-lk/ginboot/openapi.go:86.8,86.23 1 1
github.com/klass-lk/ginboot/openapi.go:86.23,88.3 1 1
github.com/klass-lk/ginboot/openapi.go:90.2,90.20 1 1
github.com/klass-lk/ginboot/openapi.go:90.20,91.36 1 1
github.com/klass-lk/ginboot/openapi.go:91.36,93.4 1 0
github.com/klass-lk/ginboot/openapi.go:95.3,95.44 1 1
github.com/klass-lk/ginboot/openapi.go:95.44,97.4 1 1
github.com/klass-lk/ginboot/openapi.go:97.9,105.4 1 1
github.com/klass-lk/ginboot/openapi.go:109.2,110.17 2 1
github.com/klass-lk/ginboot/openapi.go:110.17,112.36 2 1
github.com/klass-lk/ginboot/openapi.go:112.36,114.4 1 1
github.com/klass-lk/ginboot/openapi.go:115.3,115.40 1 1
github.com/klass-lk/ginboot/openapi.go:115.40,124.4 1 1
github.com/klass-lk/ginboot/openapi.go:127.2,129.73 2 1
github.com/klass-lk/ginboot/openapi.go:129.73,131.3 1 1
github.com/klass-lk/ginboot/openapi.go:134.57,136.32 2 1
github.com/klass-lk/ginboot/openapi.go:136.32,138.3 1 1
github.com/klass-lk/ginboot/openapi.go:139.2,139.36 1 1
github.com/klass-lk/ginboot/openapi.go:139.36,142.17 3 1
github.com/klass-lk/ginboot/openapi.go:142.17,144.4 1 1
github.com/klass-lk/ginboot/openapi.go:145.3,145.17 1 1
github.com/klass-lk/ginboot/openapi.go:145.17,147.4 1 0
github.com/klass-lk/ginboot/openapi.go:148.3,149.18 2 1
github.com/klass-lk/ginboot/openapi.go:149.18,150.12 1 1
github.com/klass-lk/ginboot/openapi.go:153.3,158.5 1 1
github.com/klass-lk/ginboot/openapi.go:160.2,160.15 1 1
github.com/klass-lk/ginboot/openapi.go:163.49,165.2 1 1
github.com/klass-lk/ginboot/openapi.go:167.102,168.28 1 1
github.com/klass-lk/ginboot/openapi.go:168.28,170.3 1 1
github.com/klass-lk/ginboot/openapi.go:171.2,171.29 1 1
github.com/klass-lk/ginboot/openapi.go:171.29,173.3 1 1
github.com/klass-lk/ginboot/openapi.go:175.2,175.16 1 1
github.com/klass-lk/ginboot/openapi.go:175.16,177.3 1 1
github.com/klass-lk/ginboot/openapi.go:179.2,181.18 2 1
github.com/klass-lk/ginboot/openapi.go:182.22,183.25 1 1
github.com/klass-lk/ginboot/openapi.go:184.155,185.26 1 1
github.com/klass-lk/ginboot/openapi.go:186.40,187.25 1 1
github.com/klass-lk/ginboot/openapi.go:188.20,189.26 1 1
github.com/klass-lk/ginboot/openapi.go:190.36,192.68 2 1
github.com/klass-lk/ginboot/openapi.go:193.22,195.78 1 1
github.com/klass-lk/ginboot/openapi.go:195.78,199.4 3 1
github.com/klass-lk/ginboot/openapi.go:201.3,202.16 2 1
github.com/klass-lk/ginboot/openapi.go:202.16,204.4 1 1
github.com/klass-lk/ginboot/openapi.go:206.3,208.37 3 1
github.com/klass-lk/ginboot/openapi.go:208.37,210.27 2 1
github.com/klass-lk/ginboot/openapi.go:210.27,211.13 1 1
github.com/klass-lk/ginboot/openapi.go:213.4,214.18 2 1
github.com/klass-lk/ginboot/openapi.go:214.18,216.5 1 1
github.com/klass-lk/ginboot/openapi.go:217.4,218.19 2 1
github.com/klass-lk/ginboot/openapi.go:218.19,219.13 1 1
github.com/klass-lk/ginboot/openapi.go:221.4,221.82 1 1
github.com/klass-lk/ginboot/openapi.go:223.38,224.25 1 1
github.com/klass-lk/ginboot/openapi.go:225.10,226.25 1 1
github.com/klass-lk/ginboot/openapi.go:229.2,229.15 1 1
github.com/klass-lk/ginboot/openapi.go:232.47,234.16 2 1
github.com/klass-lk/ginboot/openapi.go:234.16,236.3 1 0
github.com/klass-lk/ginboot/openapi.go:237.2,237.43 1 1
github.com/klass-lk/ginboot/pbkdf2_encoder.go:18.40,21.16 3 0
github.com/klass-lk/ginboot/pbkdf2_encoder.go:21.16,22.38 1 0
github.com/klass-lk/ginboot/pbkdf2_encoder.go:24.2,25.16 2 0
github.com/klass-lk/ginboot/pbkdf2_encoder.go:25.16,26.38 1 0
github.com/klass-lk/ginboot/pbkdf2_encoder.go:28.2,28.63 1 0
github.com/klass-lk/ginboot/pbkdf2_encoder.go:31.73,35.2 3 0
github.com/klass-lk/ginboot/pbkdf2_encoder.go:37.63,40.2 2 0
github.com/klass-lk/ginboot/router.go:25.93,32.2 2 1
github.com/klass-lk/ginboot/router.go:35.91,37.40 2 1
github.com/klass-lk/ginboot/router.go:37.40,38.38 1 1
github.com/klass-lk/ginboot/router.go:41.2,44.17 3 1
github.com/klass-lk/ginboot/router.go:44.17,45.17 1 1
github.com/klass-lk/ginboot/router.go:45.17,46.59 1 1
github.com/klass-lk/ginboot/router.go:46.59,48.5 1 1
github.com/klass-lk/ginboot/router.go:49.4,49.55 1 1
github.com/klass-lk/ginboot/router.go:49.55,50.33 1 1
github.com/klass-lk/ginboot/router.go:50.33,53.6 2 1
github.com/klass-lk/ginboot/router.go:58.2,58.17 1 1
github.com/klass-lk/ginboot/router.go:58.17,59.49 1 1
github.com/klass-lk/ginboot/router.go:63.2,63.74 1 1
github.com/klass-lk/ginboot/router.go:63.74,64.45 1 1
github.com/klass-lk/ginboot/router.go:67.2,67.30 1 1
github.com/klass-lk/ginboot/router.go:67.30,73.16 3 1
github.com/klass-lk/ginboot/router.go:74.10,75.28 1 1
github.com/klass-lk/ginboot/router.go:77.10,79.46 2 1
github.com/klass-lk/ginboot/router.go:79.46,82.5 1 1
github.com/klass-lk/ginboot/router.go:82.10,85.64 2 1
github.com/klass-lk/ginboot/router.go:85.64,88.6 2 1
github.com/klass-lk/ginboot/router.go:89.5,89.44 1 1
github.com/klass-lk/ginboot/router.go:92.10,93.55 1 1
github.com/klass-lk/ginboot/router.go:93.55,94.70 1 1
github.com/klass-lk/ginboot/router.go:96.4,98.63 3 1
github.com/klass-lk/ginboot/router.go:98.63,101.5 2 1
github.com/klass-lk/ginboot/router.go:102.4,102.65 1 1
github.com/klass-lk/ginboot/router.go:104.11,105.44 1 1
github.com/klass-lk/ginboot/router.go:109.3,112.26 2 1
github.com/klass-lk/ginboot/router.go:112.26,115.31 3 1
github.com/klass-lk/ginboot/router.go:115.31,118.5 2 1
github.com/klass-lk/ginboot/router.go:119.4,120.10 2 1
github.com/klass-lk/ginboot/router.go:124.3,125.22 2 1
github.com/klass-lk/ginboot/router.go:125.22,126.40 1 1
github.com/klass-lk/ginboot/router.go:126.40,128.5 1 1
github.com/klass-lk/ginboot/router.go:128.10,130.5 1 1
github.com/klass-lk/ginboot/router.go:131.9,133.4 1 1
github.com/klass-lk/ginboot/router.go:138.73,141.2 2 1
github.com/klass-lk/ginboot/router.go:144.119,149.2 4 1
github.com/klass-lk/ginboot/router.go:152.96,154.2 1 1
github.com/klass-lk/ginboot/router.go:157.97,159.2 1 1
github.com/klass-lk/ginboot/router.go:162.96,164.2 1 1
github.com/klass-lk/ginboot/router.go:167.99,169.2 1 1
github.com/klass-lk/ginboot/router.go:172.106,174.2 1 1
github.com/klass-lk/ginboot/router.go:177.108,179.2 1 1
github.com/klass-lk/ginboot/router.go:182.105,184.2 1 1
github.com/klass-lk/ginboot/router.go:187.102,193.2 1 1
github.com/klass-lk/ginboot/router.go:196.62,198.2 1 1
github.com/klass-lk/ginboot/scheduler.go:40.47,42.2 1 0
github.com/klass-lk/ginboot/scheduler.go:59.74,61.89 2 1
github.com/klass-lk/ginboot/scheduler.go:61.89,67.93 3 1
github.com/klass-lk/ginboot/scheduler.go:67.93,70.69 2 1
github.com/klass-lk/ginboot/scheduler.go:70.69,72.5 1 1
github.com/klass-lk/ginboot/scheduler.go:74.3,78.10 1 1
github.com/klass-lk/ginboot/scheduler.go:80.2,80.19 1 1
github.com/klass-lk/ginboot/scheduler.go:86.68,88.102 2 1
github.com/klass-lk/ginboot/scheduler.go:88.102,93.3 1 1
github.com/klass-lk/ginboot/scheduler.go:94.2,94.19 1 0
github.com/klass-lk/ginboot/scheduler.go:106.45,107.19 1 1
github.com/klass-lk/ginboot/scheduler.go:107.19,109.3 1 1
github.com/klass-lk/ginboot/scheduler.go:110.2,117.10 4 1
github.com/klass-lk/ginboot/scheduler.go:121.65,125.2 3 1
github.com/klass-lk/ginboot/scheduler.go:128.68,131.24 3 1
github.com/klass-lk/ginboot/scheduler.go:131.24,133.3 1 0
github.com/klass-lk/ginboot/scheduler.go:134.2,134.35 1 1
github.com/klass-lk/ginboot/scheduler.go:134.35,136.3 1 1
github.com/klass-lk/ginboot/scheduler.go:137.2,140.3 1 1
github.com/klass-lk/ginboot/scheduler.go:144.58,148.28 4 1
github.com/klass-lk/ginboot/scheduler.go:148.28,150.3 1 1
github.com/klass-lk/ginboot/scheduler.go:151.2,151.15 1 1
github.com/klass-lk/ginboot/scheduler.go:155.77,158.35 3 1
github.com/klass-lk/ginboot/scheduler.go:158.35,159.41 1 1
github.com/klass-lk/ginboot/scheduler.go:159.41,161.4 1 1
github.com/klass-lk/ginboot/scheduler.go:163.2,163.19 1 0
github.com/klass-lk/ginboot/scheduler.go:167.81,172.13 4 1
github.com/klass-lk/ginboot/scheduler.go:172.13,175.24 2 1
github.com/klass-lk/ginboot/scheduler.go:175.24,176.30 1 0
github.com/klass-lk/ginboot/scheduler.go:176.30,179.5 2 0
github.com/klass-lk/ginboot/scheduler.go:181.3,181.16 1 1
github.com/klass-lk/ginboot/scheduler.go:184.2,184.13 1 1
github.com/klass-lk/ginboot/scheduler.go:184.13,186.3 1 1
github.com/klass-lk/ginboot/scheduler.go:188.2,188.37 1 1
github.com/klass-lk/ginboot/scheduler.go:192.77,195.28 3 1
github.com/klass-lk/ginboot/scheduler.go:195.28,197.3 1 1
github.com/klass-lk/ginboot/scheduler.go:198.2,201.26 3 1
github.com/klass-lk/ginboot/scheduler.go:201.26,204.3 2 1
github.com/klass-lk/ginboot/scheduler.go:205.2,205.16 1 1
github.com/klass-lk/ginboot/scheduler.go:209.48,216.31 5 1
github.com/klass-lk/ginboot/scheduler.go:216.31,219.3 2 1
github.com/klass-lk/ginboot/scheduler.go:222.72,225.28 2 1
github.com/klass-lk/ginboot/scheduler.go:225.28,227.3 1 1
github.com/klass-lk/ginboot/scheduler.go:229.2,232.6 3 1
github.com/klass-lk/ginboot/scheduler.go:232.6,233.10 1 1
github.com/klass-lk/ginboot/scheduler.go:234.21,235.10 1 1
github.com/klass-lk/ginboot/scheduler.go:236.19,237.33 1 1
github.com/klass-lk/ginboot/scheduler.go:242.88,243.28 1 1
github.com/klass-lk/ginboot/scheduler.go:243.28,245.16 2 1
github.com/klass-lk/ginboot/scheduler.go:245.16,249.4 3 0
github.com/klass-lk/ginboot/scheduler.go:250.3,253.16 3 1
github.com/klass-lk/ginboot/scheduler.go:253.16,257.4 3 1
github.com/klass-lk/ginboot/scheduler.go:261.2,261.15 1 1
github.com/klass-lk/ginboot/scheduler.go:261.15,262.31 1 1
github.com/klass-lk/ginboot/scheduler.go:262.31,266.4 3 1
github.com/klass-lk/ginboot/scheduler.go:269.2,275.16 5 1
github.com/klass-lk/ginboot/scheduler.go:275.16,277.3 1 0
github.com/klass-lk/ginboot/scheduler.go:277.8,279.3 1 1
github.com/klass-lk/ginboot/scheduler.go:280.2,280.12 1 1
github.com/klass-lk/ginboot/scheduler.go:284.49,286.25 2 1
github.com/klass-lk/ginboot/scheduler.go:286.25,288.3 1 1
github.com/klass-lk/ginboot/scheduler.go:289.2,292.12 3 1
github.com/klass-lk/ginboot/scheduler.go:292.12,295.3 2 1
github.com/klass-lk/ginboot/scheduler.go:297.2,297.9 1 1
github.com/klass-lk/ginboot/scheduler.go:298.14,299.76 1 1
github.com/klass-lk/ginboot/scheduler.go:300.29,301.86 1 0
github.com/klass-lk/ginboot/server.go:31.13,33.95 1 1
github.com/klass-lk/ginboot/server.go:33.95,34.34 1 1
github.com/klass-lk/ginboot/server.go:34.34,36.4 1 1
github.com/klass-lk/ginboot/server.go:40.20,50.2 4 1
github.com/klass-lk/ginboot/server.go:52.41,54.2 1 1
github.com/klass-lk/ginboot/server.go:57.83,63.2 1 1
github.com/klass-lk/ginboot/server.go:66.54,68.2 1 1
github.com/klass-lk/ginboot/server.go:70.39,72.2 1 1
github.com/klass-lk/ginboot/server.go:75.32,77.2 1 1
github.com/klass-lk/ginboot/server.go:79.48,80.40 1 1
github.com/klass-lk/ginboot/server.go:80.40,86.3 1 1
github.com/klass-lk/ginboot/server.go:88.2,91.43 3 1
github.com/klass-lk/ginboot/server.go:91.43,93.33 2 1
github.com/klass-lk/ginboot/server.go:93.33,95.4 1 1
github.com/klass-lk/ginboot/server.go:96.3,97.54 2 1
github.com/klass-lk/ginboot/server.go:101.40,105.22 3 1
github.com/klass-lk/ginboot/server.go:105.22,107.17 2 1
github.com/klass-lk/ginboot/server.go:107.17,111.4 3 1
github.com/klass-lk/ginboot/server.go:112.3,114.13 3 1
github.com/klass-lk/ginboot/server.go:117.2,117.21 1 1
github.com/klass-lk/ginboot/server.go:117.21,119.3 1 1
github.com/klass-lk/ginboot/server.go:121.2,121.59 1 1
github.com/klass-lk/ginboot/server.go:121.59,124.3 2 0
github.com/klass-lk/ginboot/server.go:126.2,126.26 1 1
github.com/klass-lk/ginboot/server.go:129.44,132.2 2 1
github.com/klass-lk/ginboot/server.go:134.43,136.2 1 1
github.com/klass-lk/ginboot/server.go:138.51,141.2 2 1
github.com/klass-lk/ginboot/server.go:143.51,146.2 2 1
github.com/klass-lk/ginboot/server.go:148.56,152.2 3 1
github.com/klass-lk/ginboot/server.go:154.67,157.2 2 1
github.com/klass-lk/ginboot/server.go:159.40,167.2 7 1
github.com/klass-lk/ginboot/server.go:169.128,177.2 2 1
github.com/klass-lk/ginboot/string_utils.go:8.41,12.19 4 0
github.com/klass-lk/ginboot/string_utils.go:12.19,14.3 1 0
github.com/klass-lk/ginboot/string_utils.go:15.2,15.18 1 0
github.com/klass-lk/ginboot/string_utils.go:18.53,22.19 4 0
github.com/klass-lk/ginboot/string_utils.go:22.19,24.3 1 0
github.com/klass-lk/ginboot/string_utils.go:25.2,25.18 1 0
github.com/klass-lk/ginboot/test_suite.go:43.73,45.2 1 0
github.com/klass-lk/ginboot/test_suite.go:47.49,49.2 1 0
github.com/klass-lk/ginboot/test_suite.go:51.71,52.25 1 0
github.com/klass-lk/ginboot/test_suite.go:52.25,54.3 1 0
github.com/klass-lk/ginboot/test_suite.go:57.69,58.46 1 0
github.com/klass-lk/ginboot/test_suite.go:58.46,59.56 1 0
github.com/klass-lk/ginboot/test_suite.go:59.56,60.73 1 0
github.com/klass-lk/ginboot/test_suite.go:60.73,61.47 1 0
github.com/klass-lk/ginboot/test_suite.go:61.47,63.6 1 0
github.com/klass-lk/ginboot/test_suite.go:66.3,70.23 4 0
github.com/klass-lk/ginboot/test_suite.go:73.2,81.95 9 0
github.com/klass-lk/ginboot/test_suite.go:84.87,87.16 3 0
github.com/klass-lk/ginboot/test_suite.go:87.16,89.3 1 0
github.com/klass-lk/ginboot/test_suite.go:91.2,92.22 2 0
github.com/klass-lk/ginboot/test_suite.go:92.22,94.3 1 0
github.com/klass-lk/ginboot/test_suite.go:94.8,96.3 1 0
github.com/klass-lk/ginboot/test_suite.go:98.2,98.16 1 0
github.com/klass-lk/ginboot/test_suite.go:98.16,100.3 1 0
github.com/klass-lk/ginboot/test_suite.go:101.2,103.22 2 0
github.com/klass-lk/ginboot/test_suite.go:103.22,106.3 2 0
github.com/klass-lk/ginboot/test_suite.go:106.8,110.3 3 0
github.com/klass-lk/ginboot/test_suite.go:112.2,112.16 1 0
github.com/klass-lk/ginboot/test_suite.go:112.16,114.3 1 0
github.com/klass-lk/ginboot/test_suite.go:115.2,116.12 2 0
github.com/klass-lk/ginboot/test_suite.go:119.63,122.22 3 0
github.com/klass-lk/ginboot/test_suite.go:122.22,124.3 1 0
github.com/klass-lk/ginboot/test_suite.go:124.8,126.3 1 0
github.com/klass-lk/ginboot/test_suite.go:128.2,128.16 1 0
github.com/klass-lk/ginboot/test_suite.go:128.16,130.3 1 0
github.com/klass-lk/ginboot/test_suite.go:132.2,132.22 1 0
github.com/klass-lk/ginboot/test_suite.go:132.22,135.3 2 0
github.com/klass-lk/ginboot/test_suite.go:135.8,139.3 3 0
github.com/klass-lk/ginboot/test_suite.go:141.2,141.16 1 0
github.com/klass-lk/ginboot/test_suite.go:141.16,143.3 1 0
github.com/klass-lk/ginboot/test_suite.go:144.2,145.12 2 0
github.com/klass-lk/ginboot/test_suite.go:148.93,150.9 2 0
github.com/klass-lk/ginboot/test_suite.go:150.9,152.3 1 0
github.com/klass-lk/ginboot/test_suite.go:153.2,154.36 2 0
github.com/klass-lk/ginboot/test_suite.go:157.79,158.24 1 0
github.com/klass-lk/ginboot/test_suite.go:158.24,160.3 1 0
github.com/klass-lk/ginboot/test_suite.go:161.2,163.38 3 0
github.com/klass-lk/ginboot/test_suite.go:163.38,166.34 3 0
github.com/klass-lk/ginboot/test_suite.go:166.34,168.4 1 0
github.com/klass-lk/ginboot/test_suite.go:169.3,169.31 1 0
github.com/klass-lk/ginboot/test_suite.go:171.2,171.27 1 0
github.com/klass-lk/ginboot/test_suite.go:174.88,177.16 3 0
github.com/klass-lk/ginboot/test_suite.go:177.16,179.3 1 0
github.com/klass-lk/ginboot/test_suite.go:181.2,182.22 2 0
github.com/klass-lk/ginboot/test_suite.go:182.22,184.3 1 0
github.com/klass-lk/ginboot/test_suite.go:184.8,186.3 1 0
github.com/klass-lk/ginboot/test_suite.go:188.2,188.16 1 0
github.com/klass-lk/ginboot/test_suite.go:188.16,190.3 1 0
github.com/klass-lk/ginboot/test_suite.go:191.2,193.22 2 0
github.com/klass-lk/ginboot/test_suite.go:193.22,196.3 2 0
github.com/klass-lk/ginboot/test_suite.go:196.8,200.3 3 0
github.com/klass-lk/ginboot/test_suite.go:202.2,202.16 1 0
github.com/klass-lk/ginboot/test_suite.go:202.16,204.3 1 0
github.com/klass-lk/ginboot/test_suite.go:205.2,206.12 2 0
github.com/klass-lk/ginboot/test_suite.go:209.60,212.22 3 0
github.com/klass-lk/ginboot/test_suite.go:212.22,214.3 1 0
github.com/klass-lk/ginboot/test_suite.go:214.8,216.3 1 0
github.com/klass-lk/ginboot/test_suite.go:218.2,218.16 1 0
github.com/klass-lk/ginboot/test_suite.go:218.16,220.3 1 0
github.com/klass-lk/ginboot/test_suite.go:222.2,222.22 1 0
github.com/klass-lk/ginboot/test_suite.go:222.22,225.3 2 0
github.com/klass-lk/ginboot/test_suite.go:225.8,229.3 3 0
github.com/klass-lk/ginboot/test_suite.go:231.2,231.16 1 0
github.com/klass-lk/ginboot/test_suite.go:231.16,233.3 1 0
github.com/klass-lk/ginboot/test_suite.go:234.2,235.12 2 0
github.com/klass-lk/ginboot/test_suite.go:238.74,241.22 3 0
github.com/klass-lk/ginboot/test_suite.go:241.22,243.3 1 0
github.com/klass-lk/ginboot/test_suite.go:243.8,245.3 1 0
github.com/klass-lk/ginboot/test_suite.go:247.2,247.16 1 0
github.com/klass-lk/ginboot/test_suite.go:247.16,249.3 1 0
github.com/klass-lk/ginboot/test_suite.go:250.2,252.22 2 0
github.com/klass-lk/ginboot/test_suite.go:252.22,255.3 2 0
github.com/klass-lk/ginboot/test_suite.go:255.8,259.3 3 0
github.com/klass-lk/ginboot/test_suite.go:261.2,261.16 1 0
github.com/klass-lk/ginboot/test_suite.go:261.16,263.3 1 0
github.com/klass-lk/ginboot/test_suite.go:264.2,265.12 2 0
github.com/klass-lk/ginboot/test_suite.go:268.66,271.2 2 0
github.com/klass-lk/ginboot/test_suite.go:273.74,275.59 2 0
github.com/klass-lk/ginboot/test_suite.go:275.59,277.3 1 0
github.com/klass-lk/ginboot/test_suite.go:278.2,278.32 1 0
github.com/klass-lk/ginboot/test_suite.go:278.32,281.3 2 0
github.com/klass-lk/ginboot/test_suite.go:282.2,282.60 1 0
github.com/klass-lk/ginboot/test_suite.go:285.82,287.16 2 0
github.com/klass-lk/ginboot/test_suite.go:287.16,289.3 1 0
github.com/klass-lk/ginboot/test_suite.go:291.2,292.63 2 0
github.com/klass-lk/ginboot/test_suite.go:292.63,294.3 1 0
github.com/klass-lk/ginboot/test_suite.go:296.2,297.64 2 0
github.com/klass-lk/ginboot/test_suite.go:297.64,299.3 1 0
github.com/klass-lk/ginboot/test_suite.go:301.2,301.46 1 0
github.com/klass-lk/ginboot/test_suite.go:301.46,302.44 1 0
github.com/klass-lk/ginboot/test_suite.go:302.44,304.4 1 0
github.com/klass-lk/ginboot/test_suite.go:304.9,306.4 1 0
github.com/klass-lk/ginboot/test_suite.go:308.2,308.12 1 0
github.com/klass-lk/ginboot/test_suite.go:311.78,312.24 1 0
github.com/klass-lk/ginboot/test_suite.go:312.24,314.3 1 0
github.com/klass-lk/ginboot/test_suite.go:315.2,318.33 4 0
github.com/klass-lk/ginboot/test_suite.go:318.33,320.3 1 0
github.com/klass-lk/ginboot/test_suite.go:321.2,321.27 1 0
github.com/klass-lk/ginboot/test_suite.go:336.61,341.2 1 0
github.com/klass-lk/ginboot/test_suite.go:343.83,345.2 1 0
github.com/klass-lk/ginboot/test_suite.go:347.76,349.9 2 0
github.com/klass-lk/ginboot/test_suite.go:349.9,351.3 1 0
github.com/klass-lk/ginboot/test_suite.go:353.2,354.38 2 0
github.com/klass-lk/ginboot/test_suite.go:354.38,361.34 5 0
github.com/klass-lk/ginboot/test_suite.go:361.34,366.24 4 0
github.com/klass-lk/ginboot/test_suite.go:366.24,367.41 1 0
github.com/klass-lk/ginboot/test_suite.go:367.41,369.70 2 0
github.com/klass-lk/ginboot/test_suite.go:369.70,371.12 2 0
github.com/klass-lk/ginboot/test_suite.go:376.4,376.41 1 0
github.com/klass-lk/ginboot/test_suite.go:376.41,377.25 1 0
github.com/klass-lk/ginboot/test_suite.go:378.25,379.33 1 0
github.com/klass-lk/ginboot/test_suite.go:380.81,381.26 1 0
github.com/klass-lk/ginboot/test_suite.go:381.26,383.7 1 0
github.com/klass-lk/ginboot/test_suite.go:383.12,385.21 2 0
github.com/klass-lk/ginboot/test_suite.go:385.21,387.8 1 0
github.com/klass-lk/ginboot/test_suite.go:388.7,388.34 1 0
github.com/klass-lk/ginboot/test_suite.go:390.23,391.26 1 0
github.com/klass-lk/ginboot/test_suite.go:391.26,393.7 1 0
github.com/klass-lk/ginboot/test_suite.go:393.12,395.21 2 0
github.com/klass-lk/ginboot/test_suite.go:395.21,397.8 1 0
github.com/klass-lk/ginboot/test_suite.go:398.7,398.29 1 0
github.com/klass-lk/ginboot/test_suite.go:400.13,401.85 1 0
github.com/klass-lk/ginboot/test_suite.go:403.10,405.5 1 0
github.com/klass-lk/ginboot/test_suite.go:408.3,408.67 1 0
github.com/klass-lk/ginboot/test_suite.go:408.67,410.4 1 0
github.com/klass-lk/ginboot/test_suite.go:412.2,412.12 1 0
github.com/klass-lk/ginboot/test_suite.go:415.36,416.17 1 0
github.com/klass-lk/ginboot/test_suite.go:416.17,418.3 1 0
github.com/klass-lk/ginboot/test_suite.go:419.2,419.39 1 0
github.com/klass-lk/ginboot/test_suite.go:422.58,423.17 1 0
github.com/klass-lk/ginboot/test_suite.go:423.17,425.3 1 0
github.com/klass-lk/ginboot/test_suite.go:426.2,426.20 1 0
github.com/klass-lk/ginboot/test_suite.go:429.51,445.2 3 0
